17280427
392014
258452
236219
226755
222888
207835
209359
201866
197000
196154
221053
229455
200132
193940
192182
191697
239084
244396
212202
200161
202889
209434
205895
197247
201145
230812
216217
201218
245712
259852
254334
237093
241336
235827
239170
235620
269794
280214
274494
283884
241298
215484
195012
187977
185520
200480
198691
203671
196264
186989
191516
189398
198695
190613
199988
197279
205390
207825
199018
195359
190866
188984
201553
194016
191073
187806
198932
201328
225546
195084
195056
206973
215024
243481
228613
202917
204728
195326
193155
191280
197251
199883
201109
193213
202974
198640
201172
193870
192385
195682
195272
197100
193460
191614
191307
193254
192257
245770
212657
207985
199186
216121
200217
194980
194562
204216
203747
194862
190085
190466
194876
198225
195359
191368
193087
190688
192705
193207
198683
239270
268712
222105
199072
224350
219395
195309
196593
193609
193000
191029
191776
196426
201297
197751
195469
190384
191959
196047
189688
186109
193420
197069
194791
190980
189770
190368
206546
192595
199077
195148
211803
221295
233136
237042
201007
192388
197567
191981
190428
189517
188997
203315
195606
192313
193121
192795
198558
194136
196133
194393
193451
198747
193886
194182
227004
198414
226219
226746
200649
194644
192766
201007
201367
201599
196258
191769
198889
190629
200811
198514
194742
197750
227597
190081
185710
188173
213764
283239
253734
238824
240195
233099
221904
246162
269715
280890
288248
256931
272122
359421
266510
280638
217558
202060
195700
197724
249836
209857
200919
192088
203616
310076
275454
232355
222000
203608
193607
192485
192932
198146
166485
153574
153161
149516
150138
158629
176650
156689
154707
153722
153232
153468
169937
160627
153148
146493
159805
161356
156413
165683
153961
150686
151302
149111
149442
161067
208102
196241
204670
178834
208813
213880
172859
183021
239269
204960
168498
172495
200795
166081
190003
177105
166601
165290
167003
172809
173550
173576
183318
199119
174493
200512
235742
190393
189217
184893
185181
219127
186726
180347
177591
178122
185548
181861
186981
194639
185462
189478
190354
180156
179563
180549
178786
215060
182329
218264
189937
188377
194464
188842
191982
185338
189576
191743
164889
166962
154907
151644
152029
163338
163439
157100
152902
151994
151602
151916
180423
152753
154738
155003
177446
201930
199989
200879
217740
213411
225800
201782
219504
296993
227052
249166
197800
191252
193761
198607
191633
192767
191245
188920
192174
187330
185988
186890
190019
186007
189595
186076
182512
185103
182517
213198
163597
155878
154938
160744
156215
189537
218690
155845
174678
160476
151123
196115
169238
233105
172516
157895
184904
171738
152047
157057
151881
151555
155904
181119
161842
163227
244232
262971
190052
191506
153409
151081
187265
174067
155971
208375
155474
149745
219387
168467
152773
151203
150905
151422
153414
156950
152630
150613
150508
149467
151261
149801
161715
149092
148075
147469
147727
163201
182818
150863
150841
146812
145790
145140
163659
163213
146822
147692
145867
145347
152486
157084
174759
175372
161851
150759
150374
158298
174018
153755
148731
147818
147735
153838
165156
154653
148790
147371
145824
145928
168977
155402
146698
148114
165292
156628
157778
161191
148961
146669
147293
146226
190888
187949
178223
168161
199192
152535
155806
160043
149183
147060
146951
148320
146823
156360
163770
152005
150882
149863
150179
149668
158276
148390
147464
147806
146818
147648
160697
155629
150796
149980
149052
151028
150071
152935
153839
146826
147217
161475
152413
174874
169361
148093
182751
183449
159594
165003
187422
199248
146825
146905
160772
191705
158201
146924
146825
146762
147929
155733
156010
152965
151032
150243
149036
150238
153488
168042
147368
147376
250866
170225
166801
156450
161921
168471
156211
149526
175018
156743
143110
142627
142996
143198
149720
162261
151652
144509
142703
143919
143403
150537
157222
150305
146453
143990
144119
143167
142533
149243
143344
144427
146416
143273
143152
141856
172091
143074
143133
148680
155907
153588
156457
144280
143949
143630
142072
142587
142567
153405
146881
145836
146587
144859
152221
144204
158141
167418
143268
142941
146523
156297
162995
171604
154820
155094
157438
150876
151197
246400
175226
161652
159408
210602
185223
158586
329666
323349
300955
270667
247530
215330
273955
213870
166246
170183
252821
284566
355026
272726
272855
211011
167510
159727
157553
207792
328594
297421
822050
246496
191745
178158
195574
208535
214652
228954
192248
163792
159478
165664
160530
165860
158805
155853
156673
157870
163548
172359
163511
157774
158575
162715
176031
207133
237373
282803
269093
231277
212557
207996
197423
188149
258394
245014
228626
217536
254493
241528
224646
220526
222089
214217
199618
210136
254130
359278
248974
230172
219286
226793
206307
208564
205764
214761
222602
287800
321027
311320
317684
322158
338651
364643
313645
278710
296798
193114
174444
166153
207281
175836
160676
156916
155637
155650
169862
157604
155922
156503
155045
155215
165008
159897
158364
155483
174506
161013
165966
160371
156450
156150
161862
157360
173744
163969
163387
222388
210458
187262
182907
190436
167132
157700
158042
162107
175997
248327
178056
159506
166674
169980
159186
157548
167309
160938
161347
169371
161745
161395
163064
163390
176358
167188
178017
255148
240151
268367
248798
236304
216336
219850
231328
223979
220596
221818
205391
173581
175291
170973
344925
298446
260409
317018
273272
230415
210603
205246
200172
254150
225749
210102
202991
211927
212655
203212
200296
204167
232439
207579
197802
206054
202831
216269
206743
200558
195673
194266
199991
200765
198884
196620
222908
218461
200443
219894
199873
197915
210133
200212
197359
194529
193751
206770
203559
199904
195557
204775
199164
194688
199419
196444
203463
202676
197583
194381
198528
203745
206204
189774
189084
189017
253598
214623
198913
196565
196135
208785
216857
193371
191226
191823
212696
199326
188456
188821
191796
195978
201277
193435
192902
193323
199168
201594
191423
220254
197512
224180
235430
190935
192045
192774
219126
191394
183970
183911
254857
219134
184971
186065
185802
190806
206451
197323
185255
184504
182223
192945
205096
187923
185153
183502
195403
203602
184783
207169
194300
187185
207621
190135
188742
186884
188313
206810
204307
186711
184261
183677
188729
185321
183246
201660
194637
188703
185016
183521
183361
187729
186001
239565
219563
189604
210003
219317
201830
209855
195007
192661
196110
193388
193971
189346
190237
211903
193628
196308
208869
200715
212965
229903
206660
201342
203816
205863
197825
197629
196802
196124
214135
276471
224008
206789
215180
199595
199841
199267
205927
203907
197128
194301
195047
198492
198402
212253
191049
189708
188309
188224
231678
185989
203097
188045
287524
203538
278980
217132
194160
205327
184040
183494
183044
185178
198203
188576
188899
188867
188148
203328
186752
187330
185257
184894
191802
212224
184861
200772
208336
217541
196639
184144
183403
184545
249212
191226
209013
196711
207016
224863
192901
192607
188678
188714
200416
195201
184446
183316
184805
182858
211973
189188
188128
186612
214026
247842
191097
249276
233954
209197
226865
194578
188601
185904
206636
190274
190492
192274
191875
224189
180136
177855
179110
178242
202592
207399
217082
189301
189319
194188
190809
183003
184288
191976
187361
190011
181790
217639
215982
194770
228493
183015
182967
182569
182773
219067
203876
191852
189661
192062
207653
198472
200638
189564
190196
208365
207631
183297
197672
188633
204028
267945
190313
187959
225935
207695
189445
197130
191313
183516
198824
189094
189168
204876
196671
195450
181749
182108
181353
185447
197364
196083
186768
186400
188191
198103
196721
185660
198580
190465
190442
376794
271691
246617
268307
239703
200003
194807
190178
211081
208558
239450
254125
246862
214167
190083
162705
157981
163918
203832
240092
213507
247601
193137
164575
159216
165707
153177
151624
157921
152811
151924
151216
149710
150799
155065
156168
152040
150599
151223
150650
148641
155418
151725
152042
150443
151167
150328
148973
155834
151704
171304
238247
218487
186499
153911
150502
150406
150865
158384
205463
166866
202901
224508
208597
217792
200173
197312
195976
192001
221069
201313
190705
188313
191076
214026
196574
195259
194334
192773
215357
195694
250458
214021
196657
251922
204714
191272
190385
200269
208213
192262
184272
185599
185041
199782
192400
182380
185082
187026
211862
189845
198143
188726
194134
209149
183641
183051
193452
193141
195113
197735
191235
220448
192698
198966
186540
183332
183428
201161
197016
204081
192406
182982
182457
191818
211095
202206
193396
189304
187566
197187
191151
199926
198253
188369
242370
234868
237239
230910
207425
195179
192503
193662
190772
198725
191149
189957
188369
190208
200704
228115
237049
216070
225075
212039
196768
193527
190187
199571
213662
200385
190937
199555
220182
256444
242521
200044
195591
199038
195924
193554
197568
197597
216667
195466
193177
193103
197790
204090
197567
196210
195373
195054
198886
194976
196592
196938
243410
215104
201513
246038
229416
205841
210995
196703
196963
222298
199354
197723
197666
205556
201061
223816
200154
196236
195159
196064
201501
196749
196277
194657
193561
209774
201559
196552
194589
245241
302988
189903
167821
160790
158339
169262
164077
157842
155505
154885
156819
155249
176646
162729
162543
157108
154264
157437
184258
152987
151092
152055
151610
178476
249542
202799
273301
208048
220065
200955
173410
185241
178949
173676
171264
151593
153775
162028
158782
161387
182287
152696
149947
152154
150081
159690
176685
166423
149895
150041
154798
151921
170615
168228
150250
149797
150559
149261
166046
163590
151478
149739
163357
153085
159597
171867
161063
149547
148782
149399
150141
173704
176599
150279
149596
149321
155137
161543
161299
155342
153732
152979
153800
154137
159065
156648
153410
153383
154788
153638
159368
155216
165681
155030
150708
151455
164735
166552
149151
147067
166288
152391
145927
158934
163232
151171
150284
149252
149462
148111
171696
156959
146563
145645
145900
146098
149771
164603
146038
145372
144864
145177
145418
155819
157678
156991
146105
145319
145835
146874
160284
163267
162350
151624
147681
146073
158830
157577
146782
145277
151065
146180
145763
152844
149527
146100
145229
145051
145713
145509
163971
148441
145070
145072
145724
146480
160112
154433
149955
148608
148292
146307
174333
166503
148453
148846
174225
157067
147411
151510
147826
145666
146191
154332
156834
152046
159323
181617
169329
173701
175021
172112
171251
156028
152466
150764
150477
173479
200872
223787
212200
162027
188248
194929
149395
157798
171936
148126
164668
180328
155354
149401
146645
147320
145885
152931
171473
148654
147260
147160
146241
145804
164598
159998
156920
150912
152226
149589
153417
153746
150606
150041
149703
151072
152019
171276
150587
147219
170604
196731
159372
168887
192686
156654
150375
146598
165164
171371
162745
146861
153811
169081
144597
150368
160184
151741
150479
153779
146391
147223
155776
148882
148320
145943
144819
145397
147508
152334
146432
147176
145095
145513
144574
150911
149778
145269
144872
168657
165585
150173
154757
148952
146460
147296
145813
145970
146943
159015
152718
147061
152285
152960
156799
148826
146621
143524
141448
143306
143674
142636
162926
148610
143435
142686
143467
143317
143628
170806
223988
192004
162209
192421
166582
147835
144154
143189
143193
142305
143548
149160
146495
144130
143939
143279
142950
143962
146673
143309
142891
143175
143117
141993
142375
156062
149609
143641
143842
143277
143597
143895
164139
149563
143046
143037
143070
142976
146645
145298
151473
143283
143057
142813
141974
145632
144640
143616
142517
142611
145347
143223
151710
152436
143483
143413
142307
142530
142952
159726
168600
152930
143077
156863
143231
142410
147795
144580
142171
141592
142540
143387
208860
171527
153614
143391
154288
150115
144148
159736
161760
174320
149619
143376
142811
169327
161012
149249
142090
142124
142068
142452
153861
150310
142663
142779
143122
142758
151357
158458
146043
153570
155908
148590
149663
151197
162759
172322
160455
163487
145601
209518
162280
148823
146849
145239
155035
159472
279371
255347
245413
212633
274299
202484
162181
168214
222083
169470
154324
149132
150147
182685
227432
203176
176475
216970
184739
186300
280252
161055
149554
165480
149203
153520
148516
147920
147783
147703
147639
147433
154142
146968
147970
146609
148983
147364
149143
173528
151144
150904
151213
149386
151244
162943
147220
146596
145933
146533
147354
170120
150891
144228
143400
153291
143943
142160
166073
147785
145790
147323
147446
145850
145960
153709
149750
142309
143621
142346
142823
143416
158886
147151
146528
144535
146321
145830
158552
150607
143802
142839
142799
141899
142269
164168
172329
193475
146218
143206
146900
187252
166822
144975
161059
171448
149075
151865
176121
147666
149928
147681
147040
145957
151155
148417
146625
147102
161261
150581
147169
152761
154210
155199
146536
147148
146206
149427
160796
148366
158966
165650
148166
150665
171916
157991
149735
147432
147449
146134
149864
150034
146574
146156
146347
147089
152539
162224
150478
146029
146574
146497
146526
146563
175340
148711
146940
146787
156367
155716
165433
148021
151624
157400
148204
147346
172525
164764
146346
143739
149007
159190
151132
155918
144211
143212
142631
142773
143037
143911
156806
152260
143743
143517
149254
142201
149630
164803
147856
141689
142185
141934
142570
155477
171104
146264
145956
145712
145032
145956
155230
162308
143932
143190
142682
145988
185452
177550
147291
179807
182462
173389
160909
153775
150878
148052
151350
209950
175865
178369
185194
151878
150353
148997
149447
156993
151061
156212
154486
175295
176083
168885
184875
147319
174854
159580
154300
165210
169935
146697
143704
143526
144507
188872
155175
149678
147053
146242
146023
147597
167460
144347
142683
142631
143403
143072
143292
166997
149911
147343
146979
146134
145913
152004
146120
144066
151032
146823
146684
146995
165748
149029
144766
142694
158758
167055
161076
