188861
116278
94884
103061
94966
82801
81705
83811
84107
79772
84199
81832
80308
80768
79850
91840
82769
82526
81846
114197
88652
108958
104142
92184
84637
91201
93649
83643
82136
87115
82175
81822
111945
83261
81550
81053
84109
98278
106665
90371
82122
83076
81545
80592
81300
81546
82610
183732
100923
93285
83770
83333
82209
81027
81238
80600
87656
83811
94317
92060
89288
86158
86356
84107
83324
83527
83019
83861
83496
86094
91794
136182
92179
87202
81438
81255
80718
81350
90292
96819
84374
86179
83754
81593
81733
82204
81534
81472
81033
81725
82123
81157
81167
83520
84289
83112
81470
81079
81929
82115
81729
81242
80551
80494
81548
80957
107289
88318
79699
80889
98170
113854
111231
109390
109613
114220
131904
124959
98564
291109
100835
160752
117445
107320
101209
87319
87832
84189
87481
86165
84466
84145
85802
118230
125885
90393
103233
286481
199879
101947
155077
113154
111818
116380
83710
82163
81468
82407
96662
83935
101251
79845
80030
83083
82744
79642
79821
79431
80334
83026
82285
93056
113284
87904
96270
93335
135514
97567
86711
86118
85318
85250
94717
94048
84377
84257
85910
84827
83920
83427
85409
81205
81083
85329
81769
84932
79579
79939
95585
90693
87446
98670
104654
92369
85956
105038
82979
81794
81614
83329
82266
80844
82470
81823
81691
81360
85224
91445
87330
80240
81321
82153
81403
80874
80676
81234
94900
102640
96317
91029
84165
81631
86363
82214
80627
80903
90377
89600
108541
97560
97006
87704
81582
86538
81007
80534
80727
80920
130901
108572
119787
95540
103499
82082
80793
79890
85988
81019
86135
83786
91135
86074
85934
82143
79327
83943
80390
79097
78835
79310
83857
80002
78496
82893
82101
78914
79241
80189
81217
80444
80134
79441
79481
121391
103325
90825
79740
79061
79203
87119
80706
79614
79544
79986
80138
79881
80480
84767
83422
80535
79619
81031
80298
80012
79936
79348
78601
78843
79526
78827
83825
79095
79440
78727
80560
79133
79437
78252
79202
79195
78220
79305
101270
96396
86200
87588
82205
89465
81625
80246
80500
80629
80219
81278
88527
84137
83617
79479
80109
78128
78812
78986
79292
79211
79766
79101
87738
88453
81816
81336
87031
81971
81070
80808
80292
85155
79251
78669
82046
80017
79021
78916
98504
93640
106986
86114
81921
85788
82827
83266
92455
79335
79011
79433
80477
79329
79327
81777
84751
110476
85191
94686
104213
93261
97212
93579
85811
78979
79376
80136
93487
84934
93913
87171
84799
79918
79599
81313
82605
82732
92269
81334
81798
81743
85847
84934
81789
79730
78983
79953
78541
78506
79540
79758
78523
78640
79076
93826
84224
80770
88565
83337
81692
80688
81115
80725
81009
81055
80794
87877
85143
78926
79121
80587
78630
79790
79324
79099
78970
79393
78665
92057
83940
91916
81235
85698
81545
81293
87912
90491
106946
87487
91304
96495
81740
80850
85780
81950
80951
81283
81356
80783
80703
80732
85850
84005
81210
96023
129376
92734
84708
83908
83565
83025
83135
86448
93412
80456
78873
90285
80347
79878
79246
78954
79549
98975
111272
112484
109959
93825
96899
84007
84223
158756
96753
119584
126977
118338
115799
147006
125252
111978
153742
188544
94101
86819
100501
99211
87520
83524
101656
93982
88451
86443
93009
103710
94965
93153
92487
103255
187403
190309
161905
159549
168569
273766
150450
137260
168171
100188
96653
86478
106143
91740
85806
84158
84427
83682
96147
120338
86470
82249
83165
81842
88401
83958
151361
90425
90720
122330
106558
157753
134676
89800
89361
88170
86189
86053
106106
82351
81649
82621
82202
81477
81705
81462
81470
81391
81797
85055
94547
88160
82164
85857
81601
80774
80969
80578
81080
81797
83866
90650
112062
88482
81255
86834
82492
81187
110089
152537
90432
93208
106310
92225
83761
80775
82620
80616
79717
80188
80969
80631
81247
87163
84742
80969
81198
81292
80643
80374
80532
110781
108517
85654
81948
114369
119328
94497
81744
82417
84024
81564
81437
81106
81578
81223
90770
79835
78871
78730
78439
78197
77860
78216
79177
79423
78526
79142
83459
85500
81625
78746
79767
79220
79223
79712
79653
79078
79452
78492
79619
88216
85014
81435
80861
80488
80214
80700
80546
80092
80716
81137
81002
85994
84764
78970
80545
78958
78534
78354
108298
94104
81036
80361
79455
101203
85948
86647
86857
79402
79329
79211
78633
79106
79007
78762
79543
97119
84695
79292
78997
79720
78744
78941
78884
78926
79228
79096
79344
83139
90022
85189
78489
78443
78344
79068
78882
79028
78974
79274
78966
84109
96391
82718
81334
81457
120970
90606
85807
86117
84133
83885
85507
89838
82286
79699
79140
80556
79452
78255
79062
81646
129168
92566
97020
84468
84936
78829
97733
90500
92019
81224
83900
83366
83952
83330
83154
79382
79216
79127
80902
80599
79510
93447
84422
81495
80849
81339
124501
102957
100584
100107
99761
99893
99615
100003
99815
105067
101978
100794
99522
99896
99685
100241
99325
99509
99645
116487
119514
110952
105683
103385
102003
101707
101495
101656
106941
115440
104875
99557
99655
99964
99967
156414
90987
84159
92403
84363
82770
82673
86605
82103
81268
82013
80885
80790
80563
81522
91062
83092
81871
81744
87148
81851
81524
93204
178546
111310
92515
92115
82389
82347
90508
82507
95928
82719
84450
84165
83922
83140
97197
108214
86006
83400
84391
83847
83184
83593
84781
84071
82919
85526
86758
83476
82965
88056
84345
83858
83913
83700
83825
83307
83669
92459
105742
96628
86174
87540
86485
86400
170245
115411
134238
136356
183918
107029
102289
89235
96993
87589
85287
89278
87441
84962
86500
88072
88314
87669
93230
118846
120131
96001
129228
292260
138769
90301
110464
108068
85889
89955
90232
85591
84622
95997
87845
96871
86429
85590
85209
84998
86152
94609
84153
84414
86257
90743
104615
104596
88912
85274
92475
88560
99495
83668
84246
86692
84551
84652
83810
82574
82787
82770
82282
103188
117763
84444
83293
84018
83394
83192
82832
83447
83444
91565
95613
102775
82368
79749
87762
80694
80578
80187
79739
83073
84877
91422
96737
89019
79511
79689
80739
79199
79263
79100
79735
79135
79600
79470
81789
89445
99421
101213
100964
101857
86121
82840
85389
92707
92352
108788
85112
112979
83427
88104
84058
81171
81228
81380
80975
80712
85398
99902
88067
82945
89726
99257
91689
82212
81202
81587
81128
81047
88577
81157
80647
81458
85916
81615
81798
82150
80353
81191
80596
82371
88735
83125
81480
81171
81788
80837
80401
80802
80925
81227
81030
81370
91601
83670
81099
81167
86185
81304
90063
83511
81348
81421
81326
81722
92804
86397
90699
81334
83434
81447
81322
82671
86202
81894
81811
82598
94097
86293
81719
81393
82067
81017
81629
80184
81360
81169
80961
81401
109131
81473
79026
79372
81002
97333
104806
83173
81046
79739
80067
87526
88850
86425
80223
85966
83926
86237
85948
83814
82063
82728
83005
99854
81254
89165
111110
87465
79747
79171
78764
83820
83969
89715
84556
90433
83980
83493
88984
88461
86386
90386
84621
83811
84916
91580
93814
96351
95955
119034
82220
79697
80093
87807
90639
85900
81210
90287
80300
80341
94768
88059
82378
91095
79924
78902
77967
79001
78310
88029
81080
80832
84973
82352
82241
81711
80593
80912
81048
81032
81172
94099
80703
79396
79667
96216
83195
91595
83571
82882
83237
82479
85568
86538
80508
81138
81258
82839
80993
80634
80298
83314
89810
98348
86465
84385
81244
80884
80093
82592
84280
81866
81606
81051
81574
81044
84617
85334
78690
79702
78596
80503
78578
77990
78296
79243
79274
79362
79145
97170
82073
95056
90563
84313
82768
83488
82915
82572
82619
82252
85357
95212
83977
93969
100911
83464
81491
81362
81571
81234
81657
81435
90887
91148
83102
83112
86788
82884
83831
99241
105336
93449
111214
104563
90765
89148
84932
84844
83245
85386
83326
82538
81946
83511
86383
98051
79570
79059
83750
79257
78621
78656
82813
86224
81982
81564
83253
102924
83941
81748
86186
92985
209147
139571
104194
104806
96989
84942
84318
186298
197578
193440
152892
101903
84713
82166
92904
87969
87319
183123
154333
127205
119841
130868
124300
99256
87230
102176
88621
84494
85289
98137
97117
86171
86002
89451
88018
116813
89464
88087
86378
86463
100402
85241
87901
131656
99290
83486
86983
84641
83650
86229
85381
86015
85908
89471
98998
85322
83907
83861
84528
84989
106043
90646
104004
87611
84591
84276
100656
87686
86479
85657
85620
85948
86639
114840
98552
82757
83223
84127
83139
83303
84760
113184
90362
91916
99125
99366
84037
83284
95416
91718
82465
82308
82909
84418
82960
94374
86345
84090
84707
89224
87340
84894
83863
83197
83085
83204
89561
93017
86414
84174
93461
86595
82547
81887
80546
86401
88744
126267
111813
85549
84982
83326
83725
82781
82851
83302
84013
83243
83174
88078
93782
81505
81388
86612
81938
81299
81560
82129
81550
81610
81534
85205
107631
109256
83955
82982
81845
81136
81648
82325
81385
81343
81405
103305
93035
83286
90864
85488
86282
84988
83773
83018
82652
84222
93933
91011
81513
81155
86736
82151
82048
81548
81358
81985
86193
82404
92481
84126
82751
83021
86247
95429
94947
81695
82030
81878
80962
84434
84800
82772
82252
81207
82343
80538
81730
80912
81049
81538
81380
99745
93972
108836
121431
106973
87674
93238
84687
83389
82617
90102
95033
84550
83346
82900
84534
82727
82783
83324
83770
84126
81212
81123
87442
81066
81930
81570
83324
81947
81091
80731
81087
80765
80631
80632
90050
81721
80771
80524
86140
81140
80754
81206
80924
81145
81181
80835
91386
82565
81206
81265
85838
82620
81841
81670
81231
81446
81192
84007
108177
91357
86279
80914
82535
81281
81414
81917
96089
92718
86141
116453
88435
82563
82641
92888
84123
83322
83320
83321
82956
83285
86352
108021
80909
98949
86277
80762
80624
80979
80379
81029
81217
80471
90438
87020
79608
79013
88479
79144
78514
79029
79326
79585
82731
80240
89947
89802
89714
82640
87139
81523
81223
81596
82404
81850
81561
82548
90186
84257
85102
105681
86896
87202
87481
86073
86045
85262
86218
94703
103544
82243
81103
85907
82132
79630
81438
81517
81796
81711
81939
91710
91648
80742
80115
85402
79509
78629
79491
78637
78516
78768
78811
88159
85141
82386
82780
82218
81911
81359
86120
82206
80905
81234
81321
86128
94891
123517
113523
97035
96284
105453
90466
106925
97230
248278
126601
110611
89761
91876
86342
86089
85393
85779
108915
84855
83653
83628
88004
108752
111162
96643
97850
91374
131456
285369
173405
103393
92207
106572
87804
86735
102777
80071
112799
87172
79609
79729
79370
79821
79302
78968
81990
85669
91498
83240
82044
88211
82243
82357
81847
82358
119827
93583
86325
87759
83815
86389
83706
83823
86719
83759
81405
80815
80360
80891
84234
89566
89979
87343
83352
83391
83352
87783
105707
118119
100556
94244
88309
81230
81935
97205
84247
84520
84470
83903
84027
83837
85726
122627
85427
84024
87649
82472
78375
79014
79513
79438
78371
79203
82743
90208
84466
81118
90902
83039
81998
80606
80400
81466
81427
80578
83355
86387
80897
79974
79650
80389
79402
78760
78880
79058
79909
79800
79429
90752
84647
90454
89455
80252
79453
79102
78873
78968
79077
78509
79131
113579
89460
85816
82025
83066
86734
81144
82227
99550
95761
85706
97781
93915
83347
79537
80519
79847
79631
79554
79316
79800
80093
79295
92921
82044
81279
81472
85565
81522
82193
81406
81595
100248
89245
82859
90708
80389
79935
82374
81653
84425
84635
81664
81156
80865
81653
80920
90660
79830
79474
81225
92324
81254
84549
91396
82621
81161
80828
85855
89123
79864
78949
81127
87770
83931
79428
79775
79354
79515
79553
78648
88198
80457
79302
78868
80066
78756
78726
82513
81195
81459
80998
80914
91018
88342
78964
79247
84285
79873
79288
79384
79794
79163
79562
79082
82669
100082
81978
79126
85047
80306
80145
80395
79614
78969
79138
78789
84991
88569
79539
80272
79396
79681
79701
79922
79827
80304
79357
79200
78407
93839
80394
79077
77736
79295
79175
78754
79243
83740
93397
87813
81455
87807
87512
84863
78221
80885
79099
79955
79684
79388
79626
79197
79549
86902
80936
79396
78250
83683
79436
78515
79342
78459
78390
78996
79046
80833
82441
80665
79347
87588
80321
79826
79144
78697
78490
78698
79106
79483
181624
92141
84194
80693
80383
79783
79902
79687
82509
79590
85092
97937
97155
85521
78998
79277
78532
78624
78342
78180
78900
78586
78912
96866
86989
102975
97270
89039
83398
78892
79364
78388
79264
78787
82929
87232
84424
79586
79718
79160
78686
79299
79074
79427
78224
78774
78642
86952
81826
81892
80835
81005
80946
80817
80321
80908
80101
80703
81434
89095
80023
79302
79424
79686
79248
78109
79143
79283
79363
78765
78753
81986
87549
88327
78848
79324
79484
78910
78492
79036
79708
79782
79447
78937
88475
84108
85307
117211
109235
90904
81102
81466
